<?php return array (
  0 => 'Symfony\\Bundle\\FrameworkBundle\\Controller\\AbstractController',
  1 => 'App\\Controller\\AccessoriesController',
  2 => 'App\\Controller\\Admin\\BrandCrudController',
  3 => 'App\\Controller\\Admin\\CategoryCrudController',
  4 => 'App\\Controller\\Admin\\DashboardController',
  5 => 'App\\Controller\\Admin\\ProductCrudController',
  6 => 'App\\Controller\\Admin\\TransporterCrudController',
  7 => 'App\\Controller\\Admin\\UserCrudController',
  8 => 'App\\Controller\\BasketController',
  9 => 'App\\Controller\\ClothesController',
  10 => 'App\\Controller\\HomeController',
  11 => 'App\\Controller\\OrderController',
  12 => 'App\\Controller\\ProductController',
  13 => 'App\\Controller\\RegistrationController',
  14 => 'App\\Controller\\SecurityController',
  15 => 'App\\Controller\\ShoesController',
  16 => 'App\\Entity\\Address',
  17 => 'App\\Entity\\Basket',
  18 => 'App\\Entity\\Brand',
  19 => 'App\\Entity\\Category',
  20 => 'App\\Entity\\Order',
  21 => 'App\\Entity\\Product',
  22 => 'App\\Entity\\Rating',
  23 => 'App\\Entity\\RecapDetails',
  24 => 'App\\Entity\\Transporter',
  25 => 'App\\Entity\\User',
  26 => 'Doctrine\\Bundle\\DoctrineBundle\\Controller\\ProfilerController',
  27 => 'Doctrine\\ORM\\Cache\\Persister\\Entity\\AbstractEntityPersister',
  28 => 'Doctrine\\ORM\\Cache\\Persister\\Entity\\CachedEntityPersister',
  29 => 'Doctrine\\ORM\\Cache\\Persister\\Entity\\NonStrictReadWriteCachedEntityPersister',
  30 => 'Doctrine\\ORM\\Cache\\Persister\\Entity\\ReadOnlyCachedEntityPersister',
  31 => 'Doctrine\\ORM\\Cache\\Persister\\Entity\\ReadWriteCachedEntityPersister',
  32 => 'Doctrine\\ORM\\Persisters\\Entity\\AbstractEntityInheritancePersister',
  33 => 'Doctrine\\ORM\\Persisters\\Entity\\BasicEntityPersister',
  34 => 'Doctrine\\ORM\\Persisters\\Entity\\CachedPersisterContext',
  35 => 'Doctrine\\ORM\\Persisters\\Entity\\EntityPersister',
  36 => 'Doctrine\\ORM\\Persisters\\Entity\\JoinedSubclassPersister',
  37 => 'Doctrine\\ORM\\Persisters\\Entity\\SingleTablePersister',
  38 => 'EasyCorp\\Bundle\\EasyAdminBundle\\Contracts\\Controller\\CrudControllerInterface',
  39 => 'EasyCorp\\Bundle\\EasyAdminBundle\\Contracts\\Controller\\DashboardControllerInterface',
  40 => 'EasyCorp\\Bundle\\EasyAdminBundle\\Controller\\AbstractCrudController',
  41 => 'EasyCorp\\Bundle\\EasyAdminBundle\\Controller\\AbstractDashboardController',
  43 => 'Symfony\\Bundle\\FrameworkBundle\\Controller\\ControllerResolver',
  44 => 'Symfony\\Bundle\\FrameworkBundle\\Controller\\RedirectController',
  45 => 'Symfony\\Bundle\\FrameworkBundle\\Controller\\TemplateController',
  46 => 'Symfony\\Bundle\\WebProfilerBundle\\Controller\\ExceptionPanelController',
  47 => 'Symfony\\Bundle\\WebProfilerBundle\\Controller\\ProfilerController',
  48 => 'Symfony\\Bundle\\WebProfilerBundle\\Controller\\RouterController',
  49 => 'Symfony\\Component\\HttpKernel\\Controller\\ArgumentResolver',
  50 => 'Symfony\\Component\\HttpKernel\\Controller\\ArgumentResolverInterface',
  51 => 'Symfony\\Component\\HttpKernel\\Controller\\ArgumentResolver\\BackedEnumValueResolver',
  52 => 'Symfony\\Component\\HttpKernel\\Controller\\ArgumentResolver\\DateTimeValueResolver',
  53 => 'Symfony\\Component\\HttpKernel\\Controller\\ArgumentResolver\\DefaultValueResolver',
  54 => 'Symfony\\Component\\HttpKernel\\Controller\\ArgumentResolver\\NotTaggedControllerValueResolver',
  55 => 'Symfony\\Component\\HttpKernel\\Controller\\ArgumentResolver\\RequestAttributeValueResolver',
  56 => 'Symfony\\Component\\HttpKernel\\Controller\\ArgumentResolver\\RequestValueResolver',
  57 => 'Symfony\\Component\\HttpKernel\\Controller\\ArgumentResolver\\ServiceValueResolver',
  58 => 'Symfony\\Component\\HttpKernel\\Controller\\ArgumentResolver\\SessionValueResolver',
  59 => 'Symfony\\Component\\HttpKernel\\Controller\\ArgumentResolver\\TraceableValueResolver',
  60 => 'Symfony\\Component\\HttpKernel\\Controller\\ArgumentResolver\\UidValueResolver',
  61 => 'Symfony\\Component\\HttpKernel\\Controller\\ArgumentResolver\\VariadicValueResolver',
  62 => 'Symfony\\Component\\HttpKernel\\Controller\\ArgumentValueResolverInterface',
  63 => 'Symfony\\Component\\HttpKernel\\Controller\\ContainerControllerResolver',
  64 => 'Symfony\\Component\\HttpKernel\\Controller\\ControllerReference',
  65 => 'Symfony\\Component\\HttpKernel\\Controller\\ControllerResolver',
  66 => 'Symfony\\Component\\HttpKernel\\Controller\\ControllerResolverInterface',
  67 => 'Symfony\\Component\\HttpKernel\\Controller\\ErrorController',
  68 => 'Symfony\\Component\\HttpKernel\\Controller\\TraceableArgumentResolver',
  69 => 'Symfony\\Component\\HttpKernel\\Controller\\TraceableControllerResolver',
  70 => 'Symfony\\Component\\Security\\Http\\Controller\\UserValueResolver',
  71 => 'Vich\\UploaderBundle\\Entity\\File',
);